// Jest Snapshot v1, https://goo.gl/fbAQLP

exports[`srs lexer correctly parses Turtle prefixes with patterns matching SRS patterns 1`] = `
Array [
  Object {
    "endColumn": 13,
    "endLine": 2,
    "endOffset": 13,
    "image": "@prefix",
    "startColumn": 7,
    "startLine": 2,
    "startOffset": 7,
    "tokenType": Object {
      "CATEGORIES": Array [],
      "PATTERN": /@prefix/,
      "categoryMatches": Array [],
      "categoryMatchesMap": Object {},
      "isParent": false,
      "tokenName": "TTL_PREFIX",
      "tokenTypeIdx": 184,
    },
    "tokenTypeIdx": 184,
  },
  Object {
    "endColumn": 19,
    "endLine": 2,
    "endOffset": 19,
    "image": "rule:",
    "startColumn": 15,
    "startLine": 2,
    "startOffset": 15,
    "tokenType": Object {
      "CATEGORIES": Array [],
      "LONGER_ALT": Object {
        "CATEGORIES": Array [],
        "PATTERN": /\\(\\(\\(\\(\\[A-Za-z\\\\u00C0-\\\\u00D6\\\\u00D8-\\\\u00F6\\\\u00F8-\\\\u02FF\\\\u0370-\\\\u037D\\\\u037F-\\\\u1FFF\\\\u200C-\\\\u200D\\\\u2070-\\\\u218F\\\\u2C00-\\\\u2FEF\\\\u3001-\\\\uD7FF\\\\uF900-\\\\uFDCF\\\\uFDF0-\\\\uFFFD\\]\\|\\[\\\\uD800-\\\\uDBFF\\]\\[\\\\uDC00-\\\\uDFFF\\]\\)\\(\\(\\(\\(\\(\\(\\(\\[A-Za-z\\\\u00C0-\\\\u00D6\\\\u00D8-\\\\u00F6\\\\u00F8-\\\\u02FF\\\\u0370-\\\\u037D\\\\u037F-\\\\u1FFF\\\\u200C-\\\\u200D\\\\u2070-\\\\u218F\\\\u2C00-\\\\u2FEF\\\\u3001-\\\\uD7FF\\\\uF900-\\\\uFDCF\\\\uFDF0-\\\\uFFFD\\]\\|\\[\\\\uD800-\\\\uDBFF\\]\\[\\\\uDC00-\\\\uDFFF\\]\\)\\|\\(_\\)\\)\\|\\(-\\)\\|\\(\\\\d\\)\\|\\(\\\\u00b7\\)\\|\\(\\[\\\\u0300-\\\\u036f\\]\\)\\|\\(\\[\\\\u203f-\\\\u2040\\]\\)\\)\\|\\(\\\\\\.\\)\\)\\*\\)\\(\\(\\(\\[A-Za-z\\\\u00C0-\\\\u00D6\\\\u00D8-\\\\u00F6\\\\u00F8-\\\\u02FF\\\\u0370-\\\\u037D\\\\u037F-\\\\u1FFF\\\\u200C-\\\\u200D\\\\u2070-\\\\u218F\\\\u2C00-\\\\u2FEF\\\\u3001-\\\\uD7FF\\\\uF900-\\\\uFDCF\\\\uFDF0-\\\\uFFFD\\]\\|\\[\\\\uD800-\\\\uDBFF\\]\\[\\\\uDC00-\\\\uDFFF\\]\\)\\|\\(_\\)\\)\\|\\(-\\)\\|\\(\\\\d\\)\\|\\(\\\\u00b7\\)\\|\\(\\[\\\\u0300-\\\\u036f\\]\\)\\|\\(\\[\\\\u203f-\\\\u2040\\]\\)\\)\\)\\?\\)\\)\\?\\)\\(:\\)\\)\\(\\(\\(\\(\\[A-Za-z\\\\u00C0-\\\\u00D6\\\\u00D8-\\\\u00F6\\\\u00F8-\\\\u02FF\\\\u0370-\\\\u037D\\\\u037F-\\\\u1FFF\\\\u200C-\\\\u200D\\\\u2070-\\\\u218F\\\\u2C00-\\\\u2FEF\\\\u3001-\\\\uD7FF\\\\uF900-\\\\uFDCF\\\\uFDF0-\\\\uFFFD\\]\\|\\[\\\\uD800-\\\\uDBFF\\]\\[\\\\uDC00-\\\\uDFFF\\]\\)\\|\\(_\\)\\)\\|\\(:\\)\\|\\(\\\\d\\)\\|\\(\\(\\(%\\)\\(\\[0-9A-Fa-f\\]\\)\\(\\[0-9A-Fa-f\\]\\)\\)\\|\\(\\\\\\\\\\[_~\\.\\\\-!\\\\\\$&'\\(\\)\\*\\+,=\\\\/\\?#@%;\\]\\)\\)\\)\\(\\(\\(\\(\\(\\(\\(\\[A-Za-z\\\\u00C0-\\\\u00D6\\\\u00D8-\\\\u00F6\\\\u00F8-\\\\u02FF\\\\u0370-\\\\u037D\\\\u037F-\\\\u1FFF\\\\u200C-\\\\u200D\\\\u2070-\\\\u218F\\\\u2C00-\\\\u2FEF\\\\u3001-\\\\uD7FF\\\\uF900-\\\\uFDCF\\\\uFDF0-\\\\uFFFD\\]\\|\\[\\\\uD800-\\\\uDBFF\\]\\[\\\\uDC00-\\\\uDFFF\\]\\)\\|\\(_\\)\\)\\|\\(-\\)\\|\\(\\\\d\\)\\|\\(\\\\u00b7\\)\\|\\(\\[\\\\u0300-\\\\u036f\\]\\)\\|\\(\\[\\\\u203f-\\\\u2040\\]\\)\\)\\|\\(\\\\\\.\\)\\|\\(:\\)\\|\\(\\(\\(%\\)\\(\\[0-9A-Fa-f\\]\\)\\(\\[0-9A-Fa-f\\]\\)\\)\\|\\(\\\\\\\\\\[_~\\.\\\\-!\\\\\\$&'\\(\\)\\*\\+,=\\\\/\\?#@%;\\]\\)\\)\\)\\*\\)\\(\\(\\(\\(\\[A-Za-z\\\\u00C0-\\\\u00D6\\\\u00D8-\\\\u00F6\\\\u00F8-\\\\u02FF\\\\u0370-\\\\u037D\\\\u037F-\\\\u1FFF\\\\u200C-\\\\u200D\\\\u2070-\\\\u218F\\\\u2C00-\\\\u2FEF\\\\u3001-\\\\uD7FF\\\\uF900-\\\\uFDCF\\\\uFDF0-\\\\uFFFD\\]\\|\\[\\\\uD800-\\\\uDBFF\\]\\[\\\\uDC00-\\\\uDFFF\\]\\)\\|\\(_\\)\\)\\|\\(-\\)\\|\\(\\\\d\\)\\|\\(\\\\u00b7\\)\\|\\(\\[\\\\u0300-\\\\u036f\\]\\)\\|\\(\\[\\\\u203f-\\\\u2040\\]\\)\\)\\|\\(:\\)\\|\\(\\(\\(%\\)\\(\\[0-9A-Fa-f\\]\\)\\(\\[0-9A-Fa-f\\]\\)\\)\\|\\(\\\\\\\\\\[_~\\.\\\\-!\\\\\\$&'\\(\\)\\*\\+,=\\\\/\\?#@%;\\]\\)\\)\\)\\)\\?\\)\\)/,
        "categoryMatches": Array [],
        "categoryMatchesMap": Object {},
        "isParent": false,
        "tokenName": "PNAME_LN",
        "tokenTypeIdx": 4,
      },
      "PATTERN": /\\(\\(\\(\\[A-Za-z\\\\u00C0-\\\\u00D6\\\\u00D8-\\\\u00F6\\\\u00F8-\\\\u02FF\\\\u0370-\\\\u037D\\\\u037F-\\\\u1FFF\\\\u200C-\\\\u200D\\\\u2070-\\\\u218F\\\\u2C00-\\\\u2FEF\\\\u3001-\\\\uD7FF\\\\uF900-\\\\uFDCF\\\\uFDF0-\\\\uFFFD\\]\\|\\[\\\\uD800-\\\\uDBFF\\]\\[\\\\uDC00-\\\\uDFFF\\]\\)\\(\\(\\(\\(\\(\\(\\(\\[A-Za-z\\\\u00C0-\\\\u00D6\\\\u00D8-\\\\u00F6\\\\u00F8-\\\\u02FF\\\\u0370-\\\\u037D\\\\u037F-\\\\u1FFF\\\\u200C-\\\\u200D\\\\u2070-\\\\u218F\\\\u2C00-\\\\u2FEF\\\\u3001-\\\\uD7FF\\\\uF900-\\\\uFDCF\\\\uFDF0-\\\\uFFFD\\]\\|\\[\\\\uD800-\\\\uDBFF\\]\\[\\\\uDC00-\\\\uDFFF\\]\\)\\|\\(_\\)\\)\\|\\(-\\)\\|\\(\\\\d\\)\\|\\(\\\\u00b7\\)\\|\\(\\[\\\\u0300-\\\\u036f\\]\\)\\|\\(\\[\\\\u203f-\\\\u2040\\]\\)\\)\\|\\(\\\\\\.\\)\\)\\*\\)\\(\\(\\(\\[A-Za-z\\\\u00C0-\\\\u00D6\\\\u00D8-\\\\u00F6\\\\u00F8-\\\\u02FF\\\\u0370-\\\\u037D\\\\u037F-\\\\u1FFF\\\\u200C-\\\\u200D\\\\u2070-\\\\u218F\\\\u2C00-\\\\u2FEF\\\\u3001-\\\\uD7FF\\\\uF900-\\\\uFDCF\\\\uFDF0-\\\\uFFFD\\]\\|\\[\\\\uD800-\\\\uDBFF\\]\\[\\\\uDC00-\\\\uDFFF\\]\\)\\|\\(_\\)\\)\\|\\(-\\)\\|\\(\\\\d\\)\\|\\(\\\\u00b7\\)\\|\\(\\[\\\\u0300-\\\\u036f\\]\\)\\|\\(\\[\\\\u203f-\\\\u2040\\]\\)\\)\\)\\?\\)\\)\\?\\)\\(:\\)/,
      "categoryMatches": Array [],
      "categoryMatchesMap": Object {},
      "isParent": false,
      "tokenName": "PNAME_NS",
      "tokenTypeIdx": 20,
    },
    "tokenTypeIdx": 20,
  },
  Object {
    "endColumn": 43,
    "endLine": 2,
    "endOffset": 43,
    "image": "<http://www.rule.com/> ",
    "startColumn": 21,
    "startLine": 2,
    "startOffset": 21,
    "tokenType": Object {
      "CATEGORIES": Array [],
      "LINE_BREAKS": false,
      "PATTERN": [Function],
      "categoryMatches": Array [],
      "categoryMatchesMap": Object {},
      "isParent": false,
      "tokenName": "IRIREF",
      "tokenTypeIdx": 197,
    },
    "tokenTypeIdx": 197,
  },
  Object {
    "endColumn": 44,
    "endLine": 2,
    "endOffset": 44,
    "image": ".",
    "startColumn": 44,
    "startLine": 2,
    "startOffset": 44,
    "tokenType": Object {
      "CATEGORIES": Array [],
      "PATTERN": ".",
      "categoryMatches": Array [],
      "categoryMatchesMap": Object {},
      "isParent": false,
      "tokenName": "Period",
      "tokenTypeIdx": 157,
    },
    "tokenTypeIdx": 157,
  },
  Object {
    "endColumn": 15,
    "endLine": 4,
    "endOffset": 61,
    "image": "rule:test",
    "startColumn": 7,
    "startLine": 4,
    "startOffset": 53,
    "tokenType": Object {
      "CATEGORIES": Array [],
      "PATTERN": /\\(\\(\\(\\(\\[A-Za-z\\\\u00C0-\\\\u00D6\\\\u00D8-\\\\u00F6\\\\u00F8-\\\\u02FF\\\\u0370-\\\\u037D\\\\u037F-\\\\u1FFF\\\\u200C-\\\\u200D\\\\u2070-\\\\u218F\\\\u2C00-\\\\u2FEF\\\\u3001-\\\\uD7FF\\\\uF900-\\\\uFDCF\\\\uFDF0-\\\\uFFFD\\]\\|\\[\\\\uD800-\\\\uDBFF\\]\\[\\\\uDC00-\\\\uDFFF\\]\\)\\(\\(\\(\\(\\(\\(\\(\\[A-Za-z\\\\u00C0-\\\\u00D6\\\\u00D8-\\\\u00F6\\\\u00F8-\\\\u02FF\\\\u0370-\\\\u037D\\\\u037F-\\\\u1FFF\\\\u200C-\\\\u200D\\\\u2070-\\\\u218F\\\\u2C00-\\\\u2FEF\\\\u3001-\\\\uD7FF\\\\uF900-\\\\uFDCF\\\\uFDF0-\\\\uFFFD\\]\\|\\[\\\\uD800-\\\\uDBFF\\]\\[\\\\uDC00-\\\\uDFFF\\]\\)\\|\\(_\\)\\)\\|\\(-\\)\\|\\(\\\\d\\)\\|\\(\\\\u00b7\\)\\|\\(\\[\\\\u0300-\\\\u036f\\]\\)\\|\\(\\[\\\\u203f-\\\\u2040\\]\\)\\)\\|\\(\\\\\\.\\)\\)\\*\\)\\(\\(\\(\\[A-Za-z\\\\u00C0-\\\\u00D6\\\\u00D8-\\\\u00F6\\\\u00F8-\\\\u02FF\\\\u0370-\\\\u037D\\\\u037F-\\\\u1FFF\\\\u200C-\\\\u200D\\\\u2070-\\\\u218F\\\\u2C00-\\\\u2FEF\\\\u3001-\\\\uD7FF\\\\uF900-\\\\uFDCF\\\\uFDF0-\\\\uFFFD\\]\\|\\[\\\\uD800-\\\\uDBFF\\]\\[\\\\uDC00-\\\\uDFFF\\]\\)\\|\\(_\\)\\)\\|\\(-\\)\\|\\(\\\\d\\)\\|\\(\\\\u00b7\\)\\|\\(\\[\\\\u0300-\\\\u036f\\]\\)\\|\\(\\[\\\\u203f-\\\\u2040\\]\\)\\)\\)\\?\\)\\)\\?\\)\\(:\\)\\)\\(\\(\\(\\(\\[A-Za-z\\\\u00C0-\\\\u00D6\\\\u00D8-\\\\u00F6\\\\u00F8-\\\\u02FF\\\\u0370-\\\\u037D\\\\u037F-\\\\u1FFF\\\\u200C-\\\\u200D\\\\u2070-\\\\u218F\\\\u2C00-\\\\u2FEF\\\\u3001-\\\\uD7FF\\\\uF900-\\\\uFDCF\\\\uFDF0-\\\\uFFFD\\]\\|\\[\\\\uD800-\\\\uDBFF\\]\\[\\\\uDC00-\\\\uDFFF\\]\\)\\|\\(_\\)\\)\\|\\(:\\)\\|\\(\\\\d\\)\\|\\(\\(\\(%\\)\\(\\[0-9A-Fa-f\\]\\)\\(\\[0-9A-Fa-f\\]\\)\\)\\|\\(\\\\\\\\\\[_~\\.\\\\-!\\\\\\$&'\\(\\)\\*\\+,=\\\\/\\?#@%;\\]\\)\\)\\)\\(\\(\\(\\(\\(\\(\\(\\[A-Za-z\\\\u00C0-\\\\u00D6\\\\u00D8-\\\\u00F6\\\\u00F8-\\\\u02FF\\\\u0370-\\\\u037D\\\\u037F-\\\\u1FFF\\\\u200C-\\\\u200D\\\\u2070-\\\\u218F\\\\u2C00-\\\\u2FEF\\\\u3001-\\\\uD7FF\\\\uF900-\\\\uFDCF\\\\uFDF0-\\\\uFFFD\\]\\|\\[\\\\uD800-\\\\uDBFF\\]\\[\\\\uDC00-\\\\uDFFF\\]\\)\\|\\(_\\)\\)\\|\\(-\\)\\|\\(\\\\d\\)\\|\\(\\\\u00b7\\)\\|\\(\\[\\\\u0300-\\\\u036f\\]\\)\\|\\(\\[\\\\u203f-\\\\u2040\\]\\)\\)\\|\\(\\\\\\.\\)\\|\\(:\\)\\|\\(\\(\\(%\\)\\(\\[0-9A-Fa-f\\]\\)\\(\\[0-9A-Fa-f\\]\\)\\)\\|\\(\\\\\\\\\\[_~\\.\\\\-!\\\\\\$&'\\(\\)\\*\\+,=\\\\/\\?#@%;\\]\\)\\)\\)\\*\\)\\(\\(\\(\\(\\[A-Za-z\\\\u00C0-\\\\u00D6\\\\u00D8-\\\\u00F6\\\\u00F8-\\\\u02FF\\\\u0370-\\\\u037D\\\\u037F-\\\\u1FFF\\\\u200C-\\\\u200D\\\\u2070-\\\\u218F\\\\u2C00-\\\\u2FEF\\\\u3001-\\\\uD7FF\\\\uF900-\\\\uFDCF\\\\uFDF0-\\\\uFFFD\\]\\|\\[\\\\uD800-\\\\uDBFF\\]\\[\\\\uDC00-\\\\uDFFF\\]\\)\\|\\(_\\)\\)\\|\\(-\\)\\|\\(\\\\d\\)\\|\\(\\\\u00b7\\)\\|\\(\\[\\\\u0300-\\\\u036f\\]\\)\\|\\(\\[\\\\u203f-\\\\u2040\\]\\)\\)\\|\\(:\\)\\|\\(\\(\\(%\\)\\(\\[0-9A-Fa-f\\]\\)\\(\\[0-9A-Fa-f\\]\\)\\)\\|\\(\\\\\\\\\\[_~\\.\\\\-!\\\\\\$&'\\(\\)\\*\\+,=\\\\/\\?#@%;\\]\\)\\)\\)\\)\\?\\)\\)/,
      "categoryMatches": Array [],
      "categoryMatchesMap": Object {},
      "isParent": false,
      "tokenName": "PNAME_LN",
      "tokenTypeIdx": 4,
    },
    "tokenTypeIdx": 4,
  },
  Object {
    "endColumn": 17,
    "endLine": 4,
    "endOffset": 63,
    "image": "a",
    "startColumn": 17,
    "startLine": 4,
    "startOffset": 63,
    "tokenType": Object {
      "CATEGORIES": Array [],
      "PATTERN": /a/,
      "categoryMatches": Array [],
      "categoryMatchesMap": Object {},
      "isParent": false,
      "tokenName": "A",
      "tokenTypeIdx": 38,
    },
    "tokenTypeIdx": 38,
  },
  Object {
    "endColumn": 24,
    "endLine": 4,
    "endOffset": 70,
    "image": "rule:x",
    "startColumn": 19,
    "startLine": 4,
    "startOffset": 65,
    "tokenType": Object {
      "CATEGORIES": Array [],
      "PATTERN": /\\(\\(\\(\\(\\[A-Za-z\\\\u00C0-\\\\u00D6\\\\u00D8-\\\\u00F6\\\\u00F8-\\\\u02FF\\\\u0370-\\\\u037D\\\\u037F-\\\\u1FFF\\\\u200C-\\\\u200D\\\\u2070-\\\\u218F\\\\u2C00-\\\\u2FEF\\\\u3001-\\\\uD7FF\\\\uF900-\\\\uFDCF\\\\uFDF0-\\\\uFFFD\\]\\|\\[\\\\uD800-\\\\uDBFF\\]\\[\\\\uDC00-\\\\uDFFF\\]\\)\\(\\(\\(\\(\\(\\(\\(\\[A-Za-z\\\\u00C0-\\\\u00D6\\\\u00D8-\\\\u00F6\\\\u00F8-\\\\u02FF\\\\u0370-\\\\u037D\\\\u037F-\\\\u1FFF\\\\u200C-\\\\u200D\\\\u2070-\\\\u218F\\\\u2C00-\\\\u2FEF\\\\u3001-\\\\uD7FF\\\\uF900-\\\\uFDCF\\\\uFDF0-\\\\uFFFD\\]\\|\\[\\\\uD800-\\\\uDBFF\\]\\[\\\\uDC00-\\\\uDFFF\\]\\)\\|\\(_\\)\\)\\|\\(-\\)\\|\\(\\\\d\\)\\|\\(\\\\u00b7\\)\\|\\(\\[\\\\u0300-\\\\u036f\\]\\)\\|\\(\\[\\\\u203f-\\\\u2040\\]\\)\\)\\|\\(\\\\\\.\\)\\)\\*\\)\\(\\(\\(\\[A-Za-z\\\\u00C0-\\\\u00D6\\\\u00D8-\\\\u00F6\\\\u00F8-\\\\u02FF\\\\u0370-\\\\u037D\\\\u037F-\\\\u1FFF\\\\u200C-\\\\u200D\\\\u2070-\\\\u218F\\\\u2C00-\\\\u2FEF\\\\u3001-\\\\uD7FF\\\\uF900-\\\\uFDCF\\\\uFDF0-\\\\uFFFD\\]\\|\\[\\\\uD800-\\\\uDBFF\\]\\[\\\\uDC00-\\\\uDFFF\\]\\)\\|\\(_\\)\\)\\|\\(-\\)\\|\\(\\\\d\\)\\|\\(\\\\u00b7\\)\\|\\(\\[\\\\u0300-\\\\u036f\\]\\)\\|\\(\\[\\\\u203f-\\\\u2040\\]\\)\\)\\)\\?\\)\\)\\?\\)\\(:\\)\\)\\(\\(\\(\\(\\[A-Za-z\\\\u00C0-\\\\u00D6\\\\u00D8-\\\\u00F6\\\\u00F8-\\\\u02FF\\\\u0370-\\\\u037D\\\\u037F-\\\\u1FFF\\\\u200C-\\\\u200D\\\\u2070-\\\\u218F\\\\u2C00-\\\\u2FEF\\\\u3001-\\\\uD7FF\\\\uF900-\\\\uFDCF\\\\uFDF0-\\\\uFFFD\\]\\|\\[\\\\uD800-\\\\uDBFF\\]\\[\\\\uDC00-\\\\uDFFF\\]\\)\\|\\(_\\)\\)\\|\\(:\\)\\|\\(\\\\d\\)\\|\\(\\(\\(%\\)\\(\\[0-9A-Fa-f\\]\\)\\(\\[0-9A-Fa-f\\]\\)\\)\\|\\(\\\\\\\\\\[_~\\.\\\\-!\\\\\\$&'\\(\\)\\*\\+,=\\\\/\\?#@%;\\]\\)\\)\\)\\(\\(\\(\\(\\(\\(\\(\\[A-Za-z\\\\u00C0-\\\\u00D6\\\\u00D8-\\\\u00F6\\\\u00F8-\\\\u02FF\\\\u0370-\\\\u037D\\\\u037F-\\\\u1FFF\\\\u200C-\\\\u200D\\\\u2070-\\\\u218F\\\\u2C00-\\\\u2FEF\\\\u3001-\\\\uD7FF\\\\uF900-\\\\uFDCF\\\\uFDF0-\\\\uFFFD\\]\\|\\[\\\\uD800-\\\\uDBFF\\]\\[\\\\uDC00-\\\\uDFFF\\]\\)\\|\\(_\\)\\)\\|\\(-\\)\\|\\(\\\\d\\)\\|\\(\\\\u00b7\\)\\|\\(\\[\\\\u0300-\\\\u036f\\]\\)\\|\\(\\[\\\\u203f-\\\\u2040\\]\\)\\)\\|\\(\\\\\\.\\)\\|\\(:\\)\\|\\(\\(\\(%\\)\\(\\[0-9A-Fa-f\\]\\)\\(\\[0-9A-Fa-f\\]\\)\\)\\|\\(\\\\\\\\\\[_~\\.\\\\-!\\\\\\$&'\\(\\)\\*\\+,=\\\\/\\?#@%;\\]\\)\\)\\)\\*\\)\\(\\(\\(\\(\\[A-Za-z\\\\u00C0-\\\\u00D6\\\\u00D8-\\\\u00F6\\\\u00F8-\\\\u02FF\\\\u0370-\\\\u037D\\\\u037F-\\\\u1FFF\\\\u200C-\\\\u200D\\\\u2070-\\\\u218F\\\\u2C00-\\\\u2FEF\\\\u3001-\\\\uD7FF\\\\uF900-\\\\uFDCF\\\\uFDF0-\\\\uFFFD\\]\\|\\[\\\\uD800-\\\\uDBFF\\]\\[\\\\uDC00-\\\\uDFFF\\]\\)\\|\\(_\\)\\)\\|\\(-\\)\\|\\(\\\\d\\)\\|\\(\\\\u00b7\\)\\|\\(\\[\\\\u0300-\\\\u036f\\]\\)\\|\\(\\[\\\\u203f-\\\\u2040\\]\\)\\)\\|\\(:\\)\\|\\(\\(\\(%\\)\\(\\[0-9A-Fa-f\\]\\)\\(\\[0-9A-Fa-f\\]\\)\\)\\|\\(\\\\\\\\\\[_~\\.\\\\-!\\\\\\$&'\\(\\)\\*\\+,=\\\\/\\?#@%;\\]\\)\\)\\)\\)\\?\\)\\)/,
      "categoryMatches": Array [],
      "categoryMatchesMap": Object {},
      "isParent": false,
      "tokenName": "PNAME_LN",
      "tokenTypeIdx": 4,
    },
    "tokenTypeIdx": 4,
  },
  Object {
    "endColumn": 26,
    "endLine": 4,
    "endOffset": 72,
    "image": ".",
    "startColumn": 26,
    "startLine": 4,
    "startOffset": 72,
    "tokenType": Object {
      "CATEGORIES": Array [],
      "PATTERN": ".",
      "categoryMatches": Array [],
      "categoryMatchesMap": Object {},
      "isParent": false,
      "tokenName": "Period",
      "tokenTypeIdx": 157,
    },
    "tokenTypeIdx": 157,
  },
  Object {
    "endColumn": 10,
    "endLine": 6,
    "endOffset": 84,
    "image": "rule",
    "startColumn": 7,
    "startLine": 6,
    "startOffset": 81,
    "tokenType": Object {
      "CATEGORIES": Array [],
      "PATTERN": /rule/i,
      "categoryMatches": Array [],
      "categoryMatchesMap": Object {},
      "isParent": false,
      "tokenName": "Rule",
      "tokenTypeIdx": 205,
    },
    "tokenTypeIdx": 205,
  },
  Object {
    "endColumn": 18,
    "endLine": 6,
    "endOffset": 92,
    "image": ":MyRule",
    "startColumn": 12,
    "startLine": 6,
    "startOffset": 86,
    "tokenType": Object {
      "CATEGORIES": Array [],
      "PATTERN": /\\(\\(\\(\\(\\[A-Za-z\\\\u00C0-\\\\u00D6\\\\u00D8-\\\\u00F6\\\\u00F8-\\\\u02FF\\\\u0370-\\\\u037D\\\\u037F-\\\\u1FFF\\\\u200C-\\\\u200D\\\\u2070-\\\\u218F\\\\u2C00-\\\\u2FEF\\\\u3001-\\\\uD7FF\\\\uF900-\\\\uFDCF\\\\uFDF0-\\\\uFFFD\\]\\|\\[\\\\uD800-\\\\uDBFF\\]\\[\\\\uDC00-\\\\uDFFF\\]\\)\\(\\(\\(\\(\\(\\(\\(\\[A-Za-z\\\\u00C0-\\\\u00D6\\\\u00D8-\\\\u00F6\\\\u00F8-\\\\u02FF\\\\u0370-\\\\u037D\\\\u037F-\\\\u1FFF\\\\u200C-\\\\u200D\\\\u2070-\\\\u218F\\\\u2C00-\\\\u2FEF\\\\u3001-\\\\uD7FF\\\\uF900-\\\\uFDCF\\\\uFDF0-\\\\uFFFD\\]\\|\\[\\\\uD800-\\\\uDBFF\\]\\[\\\\uDC00-\\\\uDFFF\\]\\)\\|\\(_\\)\\)\\|\\(-\\)\\|\\(\\\\d\\)\\|\\(\\\\u00b7\\)\\|\\(\\[\\\\u0300-\\\\u036f\\]\\)\\|\\(\\[\\\\u203f-\\\\u2040\\]\\)\\)\\|\\(\\\\\\.\\)\\)\\*\\)\\(\\(\\(\\[A-Za-z\\\\u00C0-\\\\u00D6\\\\u00D8-\\\\u00F6\\\\u00F8-\\\\u02FF\\\\u0370-\\\\u037D\\\\u037F-\\\\u1FFF\\\\u200C-\\\\u200D\\\\u2070-\\\\u218F\\\\u2C00-\\\\u2FEF\\\\u3001-\\\\uD7FF\\\\uF900-\\\\uFDCF\\\\uFDF0-\\\\uFFFD\\]\\|\\[\\\\uD800-\\\\uDBFF\\]\\[\\\\uDC00-\\\\uDFFF\\]\\)\\|\\(_\\)\\)\\|\\(-\\)\\|\\(\\\\d\\)\\|\\(\\\\u00b7\\)\\|\\(\\[\\\\u0300-\\\\u036f\\]\\)\\|\\(\\[\\\\u203f-\\\\u2040\\]\\)\\)\\)\\?\\)\\)\\?\\)\\(:\\)\\)\\(\\(\\(\\(\\[A-Za-z\\\\u00C0-\\\\u00D6\\\\u00D8-\\\\u00F6\\\\u00F8-\\\\u02FF\\\\u0370-\\\\u037D\\\\u037F-\\\\u1FFF\\\\u200C-\\\\u200D\\\\u2070-\\\\u218F\\\\u2C00-\\\\u2FEF\\\\u3001-\\\\uD7FF\\\\uF900-\\\\uFDCF\\\\uFDF0-\\\\uFFFD\\]\\|\\[\\\\uD800-\\\\uDBFF\\]\\[\\\\uDC00-\\\\uDFFF\\]\\)\\|\\(_\\)\\)\\|\\(:\\)\\|\\(\\\\d\\)\\|\\(\\(\\(%\\)\\(\\[0-9A-Fa-f\\]\\)\\(\\[0-9A-Fa-f\\]\\)\\)\\|\\(\\\\\\\\\\[_~\\.\\\\-!\\\\\\$&'\\(\\)\\*\\+,=\\\\/\\?#@%;\\]\\)\\)\\)\\(\\(\\(\\(\\(\\(\\(\\[A-Za-z\\\\u00C0-\\\\u00D6\\\\u00D8-\\\\u00F6\\\\u00F8-\\\\u02FF\\\\u0370-\\\\u037D\\\\u037F-\\\\u1FFF\\\\u200C-\\\\u200D\\\\u2070-\\\\u218F\\\\u2C00-\\\\u2FEF\\\\u3001-\\\\uD7FF\\\\uF900-\\\\uFDCF\\\\uFDF0-\\\\uFFFD\\]\\|\\[\\\\uD800-\\\\uDBFF\\]\\[\\\\uDC00-\\\\uDFFF\\]\\)\\|\\(_\\)\\)\\|\\(-\\)\\|\\(\\\\d\\)\\|\\(\\\\u00b7\\)\\|\\(\\[\\\\u0300-\\\\u036f\\]\\)\\|\\(\\[\\\\u203f-\\\\u2040\\]\\)\\)\\|\\(\\\\\\.\\)\\|\\(:\\)\\|\\(\\(\\(%\\)\\(\\[0-9A-Fa-f\\]\\)\\(\\[0-9A-Fa-f\\]\\)\\)\\|\\(\\\\\\\\\\[_~\\.\\\\-!\\\\\\$&'\\(\\)\\*\\+,=\\\\/\\?#@%;\\]\\)\\)\\)\\*\\)\\(\\(\\(\\(\\[A-Za-z\\\\u00C0-\\\\u00D6\\\\u00D8-\\\\u00F6\\\\u00F8-\\\\u02FF\\\\u0370-\\\\u037D\\\\u037F-\\\\u1FFF\\\\u200C-\\\\u200D\\\\u2070-\\\\u218F\\\\u2C00-\\\\u2FEF\\\\u3001-\\\\uD7FF\\\\uF900-\\\\uFDCF\\\\uFDF0-\\\\uFFFD\\]\\|\\[\\\\uD800-\\\\uDBFF\\]\\[\\\\uDC00-\\\\uDFFF\\]\\)\\|\\(_\\)\\)\\|\\(-\\)\\|\\(\\\\d\\)\\|\\(\\\\u00b7\\)\\|\\(\\[\\\\u0300-\\\\u036f\\]\\)\\|\\(\\[\\\\u203f-\\\\u2040\\]\\)\\)\\|\\(:\\)\\|\\(\\(\\(%\\)\\(\\[0-9A-Fa-f\\]\\)\\(\\[0-9A-Fa-f\\]\\)\\)\\|\\(\\\\\\\\\\[_~\\.\\\\-!\\\\\\$&'\\(\\)\\*\\+,=\\\\/\\?#@%;\\]\\)\\)\\)\\)\\?\\)\\)/,
      "categoryMatches": Array [],
      "categoryMatchesMap": Object {},
      "isParent": false,
      "tokenName": "PNAME_LN",
      "tokenTypeIdx": 4,
    },
    "tokenTypeIdx": 4,
  },
  Object {
    "endColumn": 8,
    "endLine": 7,
    "endOffset": 101,
    "image": "IF",
    "startColumn": 7,
    "startLine": 7,
    "startOffset": 100,
    "tokenType": Object {
      "CATEGORIES": Array [],
      "PATTERN": /if/i,
      "PUSH_MODE": "ifclause",
      "categoryMatches": Array [],
      "categoryMatchesMap": Object {},
      "isParent": false,
      "tokenName": "If",
      "tokenTypeIdx": 206,
    },
    "tokenTypeIdx": 206,
  },
  Object {
    "endColumn": 7,
    "endLine": 9,
    "endOffset": 141,
    "image": "{
        ?s rule:whatever ?o .
      }",
    "startColumn": 10,
    "startLine": 7,
    "startOffset": 103,
    "tokenType": Object {
      "CATEGORIES": Array [],
      "LINE_BREAKS": true,
      "PATTERN": [Function],
      "POP_MODE": true,
      "categoryMatches": Array [],
      "categoryMatchesMap": Object {},
      "isParent": false,
      "tokenName": "GroupGraphPattern",
      "tokenTypeIdx": 209,
    },
    "tokenTypeIdx": 209,
  },
  Object {
    "endColumn": 10,
    "endLine": 10,
    "endOffset": 152,
    "image": "THEN",
    "startColumn": 7,
    "startLine": 10,
    "startOffset": 149,
    "tokenType": Object {
      "CATEGORIES": Array [],
      "PATTERN": /then/i,
      "PUSH_MODE": "thenclause",
      "categoryMatches": Array [],
      "categoryMatchesMap": Object {},
      "isParent": false,
      "tokenName": "Then",
      "tokenTypeIdx": 207,
    },
    "tokenTypeIdx": 207,
  },
  Object {
    "endColumn": 12,
    "endLine": 10,
    "endOffset": 154,
    "image": "{",
    "startColumn": 12,
    "startLine": 10,
    "startOffset": 154,
    "tokenType": Object {
      "CATEGORIES": Array [],
      "PATTERN": "{",
      "categoryMatches": Array [],
      "categoryMatchesMap": Object {},
      "isParent": false,
      "tokenName": "LCurly",
      "tokenTypeIdx": 150,
    },
    "tokenTypeIdx": 150,
  },
  Object {
    "endColumn": 6,
    "endLine": 12,
    "endOffset": 194,
    "image": "?s rule:somethingElse ?o
      ",
    "startColumn": 9,
    "startLine": 11,
    "startOffset": 164,
    "tokenType": Object {
      "CATEGORIES": Array [],
      "LINE_BREAKS": true,
      "PATTERN": /\\[\\^\\{\\}\\]\\+/,
      "categoryMatches": Array [],
      "categoryMatchesMap": Object {},
      "isParent": false,
      "tokenName": "TriplesBlock",
      "tokenTypeIdx": 210,
    },
    "tokenTypeIdx": 210,
  },
  Object {
    "endColumn": 7,
    "endLine": 12,
    "endOffset": 195,
    "image": "}",
    "startColumn": 7,
    "startLine": 12,
    "startOffset": 195,
    "tokenType": Object {
      "CATEGORIES": Array [],
      "PATTERN": "}",
      "POP_MODE": true,
      "categoryMatches": Array [],
      "categoryMatchesMap": Object {},
      "isParent": false,
      "tokenName": "EndThen",
      "tokenTypeIdx": 208,
    },
    "tokenTypeIdx": 208,
  },
  Object {
    "endColumn": 16,
    "endLine": 14,
    "endOffset": 213,
    "image": ":something",
    "startColumn": 7,
    "startLine": 14,
    "startOffset": 204,
    "tokenType": Object {
      "CATEGORIES": Array [],
      "PATTERN": /\\(\\(\\(\\(\\[A-Za-z\\\\u00C0-\\\\u00D6\\\\u00D8-\\\\u00F6\\\\u00F8-\\\\u02FF\\\\u0370-\\\\u037D\\\\u037F-\\\\u1FFF\\\\u200C-\\\\u200D\\\\u2070-\\\\u218F\\\\u2C00-\\\\u2FEF\\\\u3001-\\\\uD7FF\\\\uF900-\\\\uFDCF\\\\uFDF0-\\\\uFFFD\\]\\|\\[\\\\uD800-\\\\uDBFF\\]\\[\\\\uDC00-\\\\uDFFF\\]\\)\\(\\(\\(\\(\\(\\(\\(\\[A-Za-z\\\\u00C0-\\\\u00D6\\\\u00D8-\\\\u00F6\\\\u00F8-\\\\u02FF\\\\u0370-\\\\u037D\\\\u037F-\\\\u1FFF\\\\u200C-\\\\u200D\\\\u2070-\\\\u218F\\\\u2C00-\\\\u2FEF\\\\u3001-\\\\uD7FF\\\\uF900-\\\\uFDCF\\\\uFDF0-\\\\uFFFD\\]\\|\\[\\\\uD800-\\\\uDBFF\\]\\[\\\\uDC00-\\\\uDFFF\\]\\)\\|\\(_\\)\\)\\|\\(-\\)\\|\\(\\\\d\\)\\|\\(\\\\u00b7\\)\\|\\(\\[\\\\u0300-\\\\u036f\\]\\)\\|\\(\\[\\\\u203f-\\\\u2040\\]\\)\\)\\|\\(\\\\\\.\\)\\)\\*\\)\\(\\(\\(\\[A-Za-z\\\\u00C0-\\\\u00D6\\\\u00D8-\\\\u00F6\\\\u00F8-\\\\u02FF\\\\u0370-\\\\u037D\\\\u037F-\\\\u1FFF\\\\u200C-\\\\u200D\\\\u2070-\\\\u218F\\\\u2C00-\\\\u2FEF\\\\u3001-\\\\uD7FF\\\\uF900-\\\\uFDCF\\\\uFDF0-\\\\uFFFD\\]\\|\\[\\\\uD800-\\\\uDBFF\\]\\[\\\\uDC00-\\\\uDFFF\\]\\)\\|\\(_\\)\\)\\|\\(-\\)\\|\\(\\\\d\\)\\|\\(\\\\u00b7\\)\\|\\(\\[\\\\u0300-\\\\u036f\\]\\)\\|\\(\\[\\\\u203f-\\\\u2040\\]\\)\\)\\)\\?\\)\\)\\?\\)\\(:\\)\\)\\(\\(\\(\\(\\[A-Za-z\\\\u00C0-\\\\u00D6\\\\u00D8-\\\\u00F6\\\\u00F8-\\\\u02FF\\\\u0370-\\\\u037D\\\\u037F-\\\\u1FFF\\\\u200C-\\\\u200D\\\\u2070-\\\\u218F\\\\u2C00-\\\\u2FEF\\\\u3001-\\\\uD7FF\\\\uF900-\\\\uFDCF\\\\uFDF0-\\\\uFFFD\\]\\|\\[\\\\uD800-\\\\uDBFF\\]\\[\\\\uDC00-\\\\uDFFF\\]\\)\\|\\(_\\)\\)\\|\\(:\\)\\|\\(\\\\d\\)\\|\\(\\(\\(%\\)\\(\\[0-9A-Fa-f\\]\\)\\(\\[0-9A-Fa-f\\]\\)\\)\\|\\(\\\\\\\\\\[_~\\.\\\\-!\\\\\\$&'\\(\\)\\*\\+,=\\\\/\\?#@%;\\]\\)\\)\\)\\(\\(\\(\\(\\(\\(\\(\\[A-Za-z\\\\u00C0-\\\\u00D6\\\\u00D8-\\\\u00F6\\\\u00F8-\\\\u02FF\\\\u0370-\\\\u037D\\\\u037F-\\\\u1FFF\\\\u200C-\\\\u200D\\\\u2070-\\\\u218F\\\\u2C00-\\\\u2FEF\\\\u3001-\\\\uD7FF\\\\uF900-\\\\uFDCF\\\\uFDF0-\\\\uFFFD\\]\\|\\[\\\\uD800-\\\\uDBFF\\]\\[\\\\uDC00-\\\\uDFFF\\]\\)\\|\\(_\\)\\)\\|\\(-\\)\\|\\(\\\\d\\)\\|\\(\\\\u00b7\\)\\|\\(\\[\\\\u0300-\\\\u036f\\]\\)\\|\\(\\[\\\\u203f-\\\\u2040\\]\\)\\)\\|\\(\\\\\\.\\)\\|\\(:\\)\\|\\(\\(\\(%\\)\\(\\[0-9A-Fa-f\\]\\)\\(\\[0-9A-Fa-f\\]\\)\\)\\|\\(\\\\\\\\\\[_~\\.\\\\-!\\\\\\$&'\\(\\)\\*\\+,=\\\\/\\?#@%;\\]\\)\\)\\)\\*\\)\\(\\(\\(\\(\\[A-Za-z\\\\u00C0-\\\\u00D6\\\\u00D8-\\\\u00F6\\\\u00F8-\\\\u02FF\\\\u0370-\\\\u037D\\\\u037F-\\\\u1FFF\\\\u200C-\\\\u200D\\\\u2070-\\\\u218F\\\\u2C00-\\\\u2FEF\\\\u3001-\\\\uD7FF\\\\uF900-\\\\uFDCF\\\\uFDF0-\\\\uFFFD\\]\\|\\[\\\\uD800-\\\\uDBFF\\]\\[\\\\uDC00-\\\\uDFFF\\]\\)\\|\\(_\\)\\)\\|\\(-\\)\\|\\(\\\\d\\)\\|\\(\\\\u00b7\\)\\|\\(\\[\\\\u0300-\\\\u036f\\]\\)\\|\\(\\[\\\\u203f-\\\\u2040\\]\\)\\)\\|\\(:\\)\\|\\(\\(\\(%\\)\\(\\[0-9A-Fa-f\\]\\)\\(\\[0-9A-Fa-f\\]\\)\\)\\|\\(\\\\\\\\\\[_~\\.\\\\-!\\\\\\$&'\\(\\)\\*\\+,=\\\\/\\?#@%;\\]\\)\\)\\)\\)\\?\\)\\)/,
      "categoryMatches": Array [],
      "categoryMatchesMap": Object {},
      "isParent": false,
      "tokenName": "PNAME_LN",
      "tokenTypeIdx": 4,
    },
    "tokenTypeIdx": 4,
  },
  Object {
    "endColumn": 31,
    "endLine": 14,
    "endOffset": 228,
    "image": "rule:something",
    "startColumn": 18,
    "startLine": 14,
    "startOffset": 215,
    "tokenType": Object {
      "CATEGORIES": Array [],
      "PATTERN": /\\(\\(\\(\\(\\[A-Za-z\\\\u00C0-\\\\u00D6\\\\u00D8-\\\\u00F6\\\\u00F8-\\\\u02FF\\\\u0370-\\\\u037D\\\\u037F-\\\\u1FFF\\\\u200C-\\\\u200D\\\\u2070-\\\\u218F\\\\u2C00-\\\\u2FEF\\\\u3001-\\\\uD7FF\\\\uF900-\\\\uFDCF\\\\uFDF0-\\\\uFFFD\\]\\|\\[\\\\uD800-\\\\uDBFF\\]\\[\\\\uDC00-\\\\uDFFF\\]\\)\\(\\(\\(\\(\\(\\(\\(\\[A-Za-z\\\\u00C0-\\\\u00D6\\\\u00D8-\\\\u00F6\\\\u00F8-\\\\u02FF\\\\u0370-\\\\u037D\\\\u037F-\\\\u1FFF\\\\u200C-\\\\u200D\\\\u2070-\\\\u218F\\\\u2C00-\\\\u2FEF\\\\u3001-\\\\uD7FF\\\\uF900-\\\\uFDCF\\\\uFDF0-\\\\uFFFD\\]\\|\\[\\\\uD800-\\\\uDBFF\\]\\[\\\\uDC00-\\\\uDFFF\\]\\)\\|\\(_\\)\\)\\|\\(-\\)\\|\\(\\\\d\\)\\|\\(\\\\u00b7\\)\\|\\(\\[\\\\u0300-\\\\u036f\\]\\)\\|\\(\\[\\\\u203f-\\\\u2040\\]\\)\\)\\|\\(\\\\\\.\\)\\)\\*\\)\\(\\(\\(\\[A-Za-z\\\\u00C0-\\\\u00D6\\\\u00D8-\\\\u00F6\\\\u00F8-\\\\u02FF\\\\u0370-\\\\u037D\\\\u037F-\\\\u1FFF\\\\u200C-\\\\u200D\\\\u2070-\\\\u218F\\\\u2C00-\\\\u2FEF\\\\u3001-\\\\uD7FF\\\\uF900-\\\\uFDCF\\\\uFDF0-\\\\uFFFD\\]\\|\\[\\\\uD800-\\\\uDBFF\\]\\[\\\\uDC00-\\\\uDFFF\\]\\)\\|\\(_\\)\\)\\|\\(-\\)\\|\\(\\\\d\\)\\|\\(\\\\u00b7\\)\\|\\(\\[\\\\u0300-\\\\u036f\\]\\)\\|\\(\\[\\\\u203f-\\\\u2040\\]\\)\\)\\)\\?\\)\\)\\?\\)\\(:\\)\\)\\(\\(\\(\\(\\[A-Za-z\\\\u00C0-\\\\u00D6\\\\u00D8-\\\\u00F6\\\\u00F8-\\\\u02FF\\\\u0370-\\\\u037D\\\\u037F-\\\\u1FFF\\\\u200C-\\\\u200D\\\\u2070-\\\\u218F\\\\u2C00-\\\\u2FEF\\\\u3001-\\\\uD7FF\\\\uF900-\\\\uFDCF\\\\uFDF0-\\\\uFFFD\\]\\|\\[\\\\uD800-\\\\uDBFF\\]\\[\\\\uDC00-\\\\uDFFF\\]\\)\\|\\(_\\)\\)\\|\\(:\\)\\|\\(\\\\d\\)\\|\\(\\(\\(%\\)\\(\\[0-9A-Fa-f\\]\\)\\(\\[0-9A-Fa-f\\]\\)\\)\\|\\(\\\\\\\\\\[_~\\.\\\\-!\\\\\\$&'\\(\\)\\*\\+,=\\\\/\\?#@%;\\]\\)\\)\\)\\(\\(\\(\\(\\(\\(\\(\\[A-Za-z\\\\u00C0-\\\\u00D6\\\\u00D8-\\\\u00F6\\\\u00F8-\\\\u02FF\\\\u0370-\\\\u037D\\\\u037F-\\\\u1FFF\\\\u200C-\\\\u200D\\\\u2070-\\\\u218F\\\\u2C00-\\\\u2FEF\\\\u3001-\\\\uD7FF\\\\uF900-\\\\uFDCF\\\\uFDF0-\\\\uFFFD\\]\\|\\[\\\\uD800-\\\\uDBFF\\]\\[\\\\uDC00-\\\\uDFFF\\]\\)\\|\\(_\\)\\)\\|\\(-\\)\\|\\(\\\\d\\)\\|\\(\\\\u00b7\\)\\|\\(\\[\\\\u0300-\\\\u036f\\]\\)\\|\\(\\[\\\\u203f-\\\\u2040\\]\\)\\)\\|\\(\\\\\\.\\)\\|\\(:\\)\\|\\(\\(\\(%\\)\\(\\[0-9A-Fa-f\\]\\)\\(\\[0-9A-Fa-f\\]\\)\\)\\|\\(\\\\\\\\\\[_~\\.\\\\-!\\\\\\$&'\\(\\)\\*\\+,=\\\\/\\?#@%;\\]\\)\\)\\)\\*\\)\\(\\(\\(\\(\\[A-Za-z\\\\u00C0-\\\\u00D6\\\\u00D8-\\\\u00F6\\\\u00F8-\\\\u02FF\\\\u0370-\\\\u037D\\\\u037F-\\\\u1FFF\\\\u200C-\\\\u200D\\\\u2070-\\\\u218F\\\\u2C00-\\\\u2FEF\\\\u3001-\\\\uD7FF\\\\uF900-\\\\uFDCF\\\\uFDF0-\\\\uFFFD\\]\\|\\[\\\\uD800-\\\\uDBFF\\]\\[\\\\uDC00-\\\\uDFFF\\]\\)\\|\\(_\\)\\)\\|\\(-\\)\\|\\(\\\\d\\)\\|\\(\\\\u00b7\\)\\|\\(\\[\\\\u0300-\\\\u036f\\]\\)\\|\\(\\[\\\\u203f-\\\\u2040\\]\\)\\)\\|\\(:\\)\\|\\(\\(\\(%\\)\\(\\[0-9A-Fa-f\\]\\)\\(\\[0-9A-Fa-f\\]\\)\\)\\|\\(\\\\\\\\\\[_~\\.\\\\-!\\\\\\$&'\\(\\)\\*\\+,=\\\\/\\?#@%;\\]\\)\\)\\)\\)\\?\\)\\)/,
      "categoryMatches": Array [],
      "categoryMatchesMap": Object {},
      "isParent": false,
      "tokenName": "PNAME_LN",
      "tokenTypeIdx": 4,
    },
    "tokenTypeIdx": 4,
  },
  Object {
    "endColumn": 38,
    "endLine": 14,
    "endOffset": 235,
    "image": "rule:x",
    "startColumn": 33,
    "startLine": 14,
    "startOffset": 230,
    "tokenType": Object {
      "CATEGORIES": Array [],
      "PATTERN": /\\(\\(\\(\\(\\[A-Za-z\\\\u00C0-\\\\u00D6\\\\u00D8-\\\\u00F6\\\\u00F8-\\\\u02FF\\\\u0370-\\\\u037D\\\\u037F-\\\\u1FFF\\\\u200C-\\\\u200D\\\\u2070-\\\\u218F\\\\u2C00-\\\\u2FEF\\\\u3001-\\\\uD7FF\\\\uF900-\\\\uFDCF\\\\uFDF0-\\\\uFFFD\\]\\|\\[\\\\uD800-\\\\uDBFF\\]\\[\\\\uDC00-\\\\uDFFF\\]\\)\\(\\(\\(\\(\\(\\(\\(\\[A-Za-z\\\\u00C0-\\\\u00D6\\\\u00D8-\\\\u00F6\\\\u00F8-\\\\u02FF\\\\u0370-\\\\u037D\\\\u037F-\\\\u1FFF\\\\u200C-\\\\u200D\\\\u2070-\\\\u218F\\\\u2C00-\\\\u2FEF\\\\u3001-\\\\uD7FF\\\\uF900-\\\\uFDCF\\\\uFDF0-\\\\uFFFD\\]\\|\\[\\\\uD800-\\\\uDBFF\\]\\[\\\\uDC00-\\\\uDFFF\\]\\)\\|\\(_\\)\\)\\|\\(-\\)\\|\\(\\\\d\\)\\|\\(\\\\u00b7\\)\\|\\(\\[\\\\u0300-\\\\u036f\\]\\)\\|\\(\\[\\\\u203f-\\\\u2040\\]\\)\\)\\|\\(\\\\\\.\\)\\)\\*\\)\\(\\(\\(\\[A-Za-z\\\\u00C0-\\\\u00D6\\\\u00D8-\\\\u00F6\\\\u00F8-\\\\u02FF\\\\u0370-\\\\u037D\\\\u037F-\\\\u1FFF\\\\u200C-\\\\u200D\\\\u2070-\\\\u218F\\\\u2C00-\\\\u2FEF\\\\u3001-\\\\uD7FF\\\\uF900-\\\\uFDCF\\\\uFDF0-\\\\uFFFD\\]\\|\\[\\\\uD800-\\\\uDBFF\\]\\[\\\\uDC00-\\\\uDFFF\\]\\)\\|\\(_\\)\\)\\|\\(-\\)\\|\\(\\\\d\\)\\|\\(\\\\u00b7\\)\\|\\(\\[\\\\u0300-\\\\u036f\\]\\)\\|\\(\\[\\\\u203f-\\\\u2040\\]\\)\\)\\)\\?\\)\\)\\?\\)\\(:\\)\\)\\(\\(\\(\\(\\[A-Za-z\\\\u00C0-\\\\u00D6\\\\u00D8-\\\\u00F6\\\\u00F8-\\\\u02FF\\\\u0370-\\\\u037D\\\\u037F-\\\\u1FFF\\\\u200C-\\\\u200D\\\\u2070-\\\\u218F\\\\u2C00-\\\\u2FEF\\\\u3001-\\\\uD7FF\\\\uF900-\\\\uFDCF\\\\uFDF0-\\\\uFFFD\\]\\|\\[\\\\uD800-\\\\uDBFF\\]\\[\\\\uDC00-\\\\uDFFF\\]\\)\\|\\(_\\)\\)\\|\\(:\\)\\|\\(\\\\d\\)\\|\\(\\(\\(%\\)\\(\\[0-9A-Fa-f\\]\\)\\(\\[0-9A-Fa-f\\]\\)\\)\\|\\(\\\\\\\\\\[_~\\.\\\\-!\\\\\\$&'\\(\\)\\*\\+,=\\\\/\\?#@%;\\]\\)\\)\\)\\(\\(\\(\\(\\(\\(\\(\\[A-Za-z\\\\u00C0-\\\\u00D6\\\\u00D8-\\\\u00F6\\\\u00F8-\\\\u02FF\\\\u0370-\\\\u037D\\\\u037F-\\\\u1FFF\\\\u200C-\\\\u200D\\\\u2070-\\\\u218F\\\\u2C00-\\\\u2FEF\\\\u3001-\\\\uD7FF\\\\uF900-\\\\uFDCF\\\\uFDF0-\\\\uFFFD\\]\\|\\[\\\\uD800-\\\\uDBFF\\]\\[\\\\uDC00-\\\\uDFFF\\]\\)\\|\\(_\\)\\)\\|\\(-\\)\\|\\(\\\\d\\)\\|\\(\\\\u00b7\\)\\|\\(\\[\\\\u0300-\\\\u036f\\]\\)\\|\\(\\[\\\\u203f-\\\\u2040\\]\\)\\)\\|\\(\\\\\\.\\)\\|\\(:\\)\\|\\(\\(\\(%\\)\\(\\[0-9A-Fa-f\\]\\)\\(\\[0-9A-Fa-f\\]\\)\\)\\|\\(\\\\\\\\\\[_~\\.\\\\-!\\\\\\$&'\\(\\)\\*\\+,=\\\\/\\?#@%;\\]\\)\\)\\)\\*\\)\\(\\(\\(\\(\\[A-Za-z\\\\u00C0-\\\\u00D6\\\\u00D8-\\\\u00F6\\\\u00F8-\\\\u02FF\\\\u0370-\\\\u037D\\\\u037F-\\\\u1FFF\\\\u200C-\\\\u200D\\\\u2070-\\\\u218F\\\\u2C00-\\\\u2FEF\\\\u3001-\\\\uD7FF\\\\uF900-\\\\uFDCF\\\\uFDF0-\\\\uFFFD\\]\\|\\[\\\\uD800-\\\\uDBFF\\]\\[\\\\uDC00-\\\\uDFFF\\]\\)\\|\\(_\\)\\)\\|\\(-\\)\\|\\(\\\\d\\)\\|\\(\\\\u00b7\\)\\|\\(\\[\\\\u0300-\\\\u036f\\]\\)\\|\\(\\[\\\\u203f-\\\\u2040\\]\\)\\)\\|\\(:\\)\\|\\(\\(\\(%\\)\\(\\[0-9A-Fa-f\\]\\)\\(\\[0-9A-Fa-f\\]\\)\\)\\|\\(\\\\\\\\\\[_~\\.\\\\-!\\\\\\$&'\\(\\)\\*\\+,=\\\\/\\?#@%;\\]\\)\\)\\)\\)\\?\\)\\)/,
      "categoryMatches": Array [],
      "categoryMatchesMap": Object {},
      "isParent": false,
      "tokenName": "PNAME_LN",
      "tokenTypeIdx": 4,
    },
    "tokenTypeIdx": 4,
  },
  Object {
    "endColumn": 40,
    "endLine": 14,
    "endOffset": 237,
    "image": ".",
    "startColumn": 40,
    "startLine": 14,
    "startOffset": 237,
    "tokenType": Object {
      "CATEGORIES": Array [],
      "PATTERN": ".",
      "categoryMatches": Array [],
      "categoryMatchesMap": Object {},
      "isParent": false,
      "tokenName": "Period",
      "tokenTypeIdx": 157,
    },
    "tokenTypeIdx": 157,
  },
]
`;
